2026-10-03T18:13:05+0900 DB migration begin
migration applied: 20261003_login_limits
migration applied: 20261003_incident_workflow
migration applied: 20261003_data_node_health
28
2026-10-03T18:13:06+0900 DB migration complete; A switch begin
sha256:6fe67c018d9ac8cfb7bf81512bf7db28d0eb37d3cefe9272682e0d9d81489cbf
 Container opsloop-api  Recreate
 Container opsloop-api  Recreated
 Container opsloop-api  Starting
 Container opsloop-api  Started
curl: (35) OpenSSL SSL_connect: SSL_ERROR_SYSCALL in connection to 127.0.0.1:8000 
{"status":"ok"}
2026-10-03T18:13:09+0900 A TLS healthy; HAProxy switch begin
Configuration file is valid
reloading
nc: /run/haproxy-master.sock: Connection refused
2026-10-03T18:13:10+0900 Activation failed: CalledProcessError; coordinated rollback begin
 Container opsloop-api  Recreate
 Container opsloop-api  Recreated
 Container opsloop-api  Starting
 Container opsloop-api  Started
Configuration file is valid
2026-10-03T18:13:11+0900 Rollback commands completed; HTTP must be checked
