== t0 · rto:T0 장애 선언 · 운영 now() = T_f · 실제로 돌린다
표시: note · 대상 - · 로컬 2026-10-03T09:21:24.606519+00:00 · data01 2026-10-03T09:21:24.608773+00:00 (왕복 1018ms)
  T_f (운영 DB 시계) 2026-10-03T09:21:25.097172+00:00
끝: t0 · 성공
== up · rto:S1 백업 선택 · 훈련 DB 컨테이너 · rto:S2 · 실제로 돌린다
표시: note · 대상 - · 로컬 2026-10-03T09:21:25.975776+00:00 · data01 2026-10-03T09:21:25.979771+00:00 (왕복 282ms)
  ✔ 준비 (init 끝 · pg_isready)
  ✔ cluster_name = opsloop-drill · opsloop-drill
  ✔ 게시 127.0.0.1:5433 만 · 127.0.0.1:5433
  ✔ 메모리 한도 256m · 268435456
  ✔ OOM 점수 조정 1000 (호스트 메모리가 모자라면 훈련 DB 가 먼저) · 1000
  ✔ 운영과 같은 이미지 · sha256:3c5c8892d184
  ✔ POSTGRES_PASSWORD 가 환경에 없음 (파일로만)
  ✔ initdb 마운트 없음
표시: note · 대상 - · 로컬 2026-10-03T09:21:59.616098+00:00 · data01 2026-10-03T09:21:59.619706+00:00 (왕복 296ms)
끝: up · 성공
== roles · 역할 · 속성 · 멤버십 · 훈련 전용 비밀번호 · rto:S3 · 실제로 돌린다
  ✔ 로그인 역할 7개 훈련 전용 비밀번호 · env 파일
  ✔ env 파일 DSN = 127.0.0.1:5433 · 접속 · cluster_name · 7/7
  ✔ env 파일 0600 · 적재 · 탐지 몫만 opsloop-pull 소유 · backup.env 600 ops · console.env 600 ops · cti.env 600 ops · detector.env 600 opsloop-pull · enforcer.env 600 ops · gate.env 600 ops · ingest.env 600 opsloop-pull
  ✔ 역할 속성(LOGIN · INHERIT · 접속 한도) · 멤버십이 역할 목록과 같음 · 역할 8 · 멤버십 1
  ✔ opsloop_console 접속 한도 ≥ 30 · 30
표시: note · 대상 - · 로컬 2026-10-03T09:22:01.820849+00:00 · data01 2026-10-03T09:22:01.824938+00:00 (왕복 278ms)
끝: roles · 성공
== restore · pg_restore · 목차의 표 건수 · 목차 대조 · rto:S4 · 실제로 돌린다
  ✔ pg_restore --no-owner --exit-on-error 종료 0 · 0
  ✔ 목차: 데이터 표 28개 = 운영 표 목록 · 28
  ✔ 목차 Archive created = 덤프 머리 (T_b) · 2026-10-03 09:18:18 UTC
  ✔ 표 28개 건수
  ✔ 카탈로그 = 목차 (표 · FK · 시퀀스) · tables 28/28 · fk 16/16 · sequences 7/7
  ✔ 카탈로그 = 목차 (함수 · 트리거 · 뷰) · 함수 20 · 트리거 10 · 뷰 3
  ✔ 복원 건수 ≤ 사전 점검 때 운영 건수 (참고) · 모두
  ✔ T_b 하한: 복원 DB 의 마지막 탐지 실행 ≤ T_b (+10초) · 2026-10-03T09:17:38.106442+00:00 ≤ 2026-10-03T09:18:18+00:00
표시: note · 대상 - · 로컬 2026-10-03T09:22:08.523017+00:00 · data01 2026-10-03T09:22:08.527267+00:00 (왕복 300ms)
끝: restore · 성공
== verify · 지문 · 무결성 · 구조 · 역할별 허용 · 거부 · 알림 끄기 · rto:S5 · 실제로 돌린다
  ✔ 훈련 쪽 지문 (incident_assignments · verdicts · actions · blocklist · absorbed_blocks · nodes · node_enrollments · console_users · notify_channels · notify_deliveries · audit) · actions 183 · audit 158 · blocklist 28 · console_users 2 · node_enrollments 4 · nodes 4 · notify_channels 1 · notify_deliveries 97 · verdicts 1039
  ✔ 무결성 19개 모두 0 · 19개
  ✔ 기준값 (판정 있는데 비resolved · 판정자 계정 없음 · 해제 차단 · 해제 감사) = 사전 점검 운영값 · judged_not_resolved 140 · released_audit 10 · released_blocks 3 · verdict_operator_missing 810
  ✔ 구조 = 운영 (표 · FK · 트리거 켜짐 · 함수 · 뷰 · 시퀀스 · 확장) · 표 28 · FK 16
  ✔ 구조 수치 = 계약 참고값 (fk 16 · functions 20 · tables 28 · triggers 10 · views 3) · fk 16 · functions 20 · tables 28 · triggers 10 · views 3
  ✔ 시퀀스 마지막 값 ≥ 최대 id · 7개
  ✔ 역할별 허용 · 거부 161줄 (verify-db-roles.sh) · 모두
  ✔ 알림 채널 켜짐 0 · url 무효 · 채널 1
표시: note · 대상 - · 로컬 2026-10-03T09:22:12.732916+00:00 · data01 2026-10-03T09:22:12.737861+00:00 (왕복 314ms)
끝: verify · 성공
== console · Mac 콘솔 · 터널 · rto:S6 (--confirm: 판정 반영 확인 · rto:S7) · 실제로 돌린다
  ✔ 콘솔 이미지 ID = console-a · sha256:6fe67c018d9a
  ✔ 콘솔 http://127.0.0.1:18000/health 200 · 200
표시: note · 대상 - · 로컬 2026-10-03T09:22:26.980606+00:00 · data01 2026-10-03T09:22:26.983888+00:00 (왕복 724ms)

  다음은 사람이 한다: 브라우저로 http://127.0.0.1:18000 에 복원된 계정으로 로그인 → 사건 목록 · 상세의 판정 이력 · 차단 목록 · 감사 확인 →
  미판정 시험 사건 1건에 판정(undetermined · 사유 '복원 훈련')을 남긴다. 화면에 바로 반영되는지 본다.
    후보 R105|c1|64.62.156.182|2026-10-03T00:51:21.225678+00:00|R105|low
    후보 R003|v3|38.248.12.122|2026-10-02T06:33:50.458050+00:00|R003|critical
    후보 R106|c1|175.107.233.2|2026-10-02T04:00:13.117582+00:00|R106|medium
  확인했으면: drill.py /Users/hanseongmin/opsloop-drill/final-38720bd console --confirm --apply  (→ rto:S7)
끝: console · 성공
== regen · opsloop-ingest --full · pull_loki --since (훈련 HOME · env) · rto:S8 · 실제로 돌린다
  ✔ 운영 작업 창 밖 · 백업 진행 중 아님 (재적재는 메모리를 쓴다 · data01 스왑 0)
  ✔ data01 가용 메모리 ≥ 600MB (훈련 DB 가 뜬 뒤 · 스왑 0) · 1225
  ✔ 재적재 환경: 훈련 HOME · 훈련 env 두 개 · 127.0.0.1:5433 · opsloop-drill · ok
  ✔ opsloop-ingest --full 종료 0 · 11 · 0 · 최대 RSS 60580 kB · 229.06초
  ✔ pull_loki --node web-01 --since 2026-10-03T08:18:18Z --ledgers-from-start 종료 0 · 0 · 최대 RSS 31200 kB · 1.16초
표시: note · 대상 - · 로컬 2026-10-03T09:26:20.019809+00:00 · data01 2026-10-03T09:26:20.026121+00:00 (왕복 320ms)
끝: regen · 성공
