.....................................[web] 출처 거부: POST /api/accounts/active 출처='-' host='testserver'
[web] 출처 거부: POST /api/accounts 출처='-' host='testserver'
[web] 출처 거부: POST /api/accounts/delete 출처='-' host='testserver'
[web] 출처 거부: POST /api/accounts/password 출처='-' host='testserver'
[web] 출처 거부: POST /api/accounts/active 출처='http://evil.example' host='testserver'
[web] 출처 거부: POST /api/accounts 출처='http://evil.example' host='testserver'
[web] 출처 거부: POST /api/accounts/delete 출처='http://evil.example' host='testserver'
[web] 출처 거부: POST /api/accounts/password 출처='http://evil.example' host='testserver'
............................................Executing <Task pending name='Task-842' coro=<ManagePathTest.test_추가한_계정은_그_비밀번호로_로그인된다() running at /repo/app/test_accounts_db.py:384> wait_for=<Future pending cb=[BaseProtocol._on_waiter_completed(), Task.task_wakeup()] created at /usr/local/lib/python3.12/asyncio/base_events.py:448> cb=[_run_until_complete_cb() at /usr/local/lib/python3.12/asyncio/base_events.py:181] created at /usr/local/lib/python3.12/asyncio/runners.py:100> took 0.130 seconds
.............................................................................................................................................................................................................[web] 출처 거부: POST /login 출처='http://testserver' host='testserver'
..[auth] 로그인 제한 확인 실패: OSError
...........................................................................................................알림 결과 기록 건너뜀 1건 (다른 콘솔이 가져감)
알림 결과 기록 건너뜀 1건 (다른 콘솔이 가져감)
..............................................................................................................................................................................................................................................................................................[web] 출처 거부: POST /x 출처='http://localhost:5173' host='testserver'
.[web] 출처 거부: POST /x 출처='http://evil.example' host='testserver'
.........../usr/local/lib/python3.12/site-packages/websockets/legacy/__init__.py:6: DeprecationWarning: websockets.legacy is deprecated; see https://websockets.readthedocs.io/en/stable/howto/upgrade.html for upgrade instructions
  warnings.warn(  # deprecated in 14.0 - 2024-11-09
/usr/local/lib/python3.12/site-packages/uvicorn/protocols/websockets/websockets_impl.py:17: DeprecationWarning: websockets.server.WebSocketServerProtocol is deprecated
  from websockets.server import WebSocketServerProtocol
......../usr/local/lib/python3.12/site-packages/anyio/streams/memory.py:190: ResourceWarning: Unclosed <MemoryObjectReceiveStream at ffffacadb3e0>
  warnings.warn(
ResourceWarning: Enable tracemalloc to get the object allocation traceback
./usr/local/lib/python3.12/site-packages/anyio/streams/memory.py:190: ResourceWarning: Unclosed <MemoryObjectReceiveStream at ffffaaacccb0>
  warnings.warn(
ResourceWarning: Enable tracemalloc to get the object allocation traceback
.................[web] 출처 거부: POST /api/incidents/k1/verdict 출처='http://evil.example' host='testserver'
[web] 출처 거부: PUT /api/incidents/k1/verdict 출처='http://evil.example' host='testserver'
[web] 출처 거부: PATCH /api/incidents/k1/verdict 출처='http://evil.example' host='testserver'
[web] 출처 거부: DELETE /api/incidents/k1/verdict 출처='http://evil.example' host='testserver'
..[web] 출처 거부: POST /login 출처='http://192.168.70.254:8404' host='192.168.70.254:8443'
[web] 출처 거부: POST /login 출처='http://192.168.70.254' host='192.168.70.254:8443'
.[web] 출처 거부: POST /login 출처='http://evil.example' host='testserver'
[web] 출처 거부: POST /login 출처='null' host='testserver'
[web] 출처 거부: POST /login 출처='http://testserver.evil.example' host='testserver'
[web] 출처 거부: POST /login 출처='http://testserver:8443' host='testserver'
[web] 출처 거부: POST /login 출처='ftp://testserver' host='testserver'
.[web] 출처 거부: POST /login 출처='-' host='testserver'
..[web] 출처 거부: POST /logout 출처='-' host='testserver'
.[web] 출처 거부: POST /login 출처='http://evil.example' host='testserver'
..[web] 출처 거부: POST /login 출처='http://evil.example/login' host='testserver'
.[web] 출처 거부: WS /ws 출처='http://evil.example' host='testserver'
[web] 출처 거부: WS /ws 출처='-' host='testserver'
...[web] 출처 거부: POST /api/incidents/k1/verdict 출처='http://evil.example' host='testserver'
.....[web] 출처 설정을 해석하지 못해 뺍니다 (scheme://host[:port] 형식): 'bad-entry'
/usr/local/lib/python3.12/site-packages/anyio/streams/memory.py:190: ResourceWarning: Unclosed <MemoryObjectReceiveStream at ffffaca15af0>
  warnings.warn(
ResourceWarning: Enable tracemalloc to get the object allocation traceback
/usr/local/lib/python3.12/site-packages/anyio/streams/memory.py:190: ResourceWarning: Unclosed <MemoryObjectReceiveStream at ffffa9e700e0>
  warnings.warn(
ResourceWarning: Enable tracemalloc to get the object allocation traceback
[web] 출처 거부: POST /x 출처='http://console.example:8443' host='testserver'
[web] 출처 거부: POST /x 출처='https://console.example' host='testserver'
[web] 출처 거부: POST /x 출처='-' host='testserver'
..........................
----------------------------------------------------------------------
Ran 763 tests in 55.081s

OK
