== 1. 판정 건수 (날짜 · 판정자 · 판정값)
2026-09-08|ubuntu|false_positive|2|0
2026-09-08|ubuntu|non_actionable|12|0
2026-09-08|ubuntu|threat|18|0
2026-09-21|han|benign_positive|2|0
2026-09-21|han|false_positive|1|0
2026-09-23|han|benign_positive|1|0
2026-09-23|han|false_positive|1|0
2026-09-24|han|benign_positive|2|0
2026-09-24|han|false_positive|1|0
2026-09-24|han|non_actionable|23|0
2026-09-24|han|threat|43|0
2026-09-24|system:v3-cutover|undetermined|778|0
2026-09-25|han|non_actionable|4|0
2026-09-28|han|threat|131|0
== 2. 판정 소요 시간 (decision_seconds 있는 것만) · 심각도별
== 3. 판정 소요 시간 · 판정값별
== 4. 사건 생성 → 첫 판정까지 (시간) · 심각도별 · 목표 구간 비율
critical|450|15.7|106.3|0.4|5.6|54.9
high|522|82.0|363.5|0.4|5.2|27.4
low|2|0.4|0.4|100.0|100.0|100.0
medium|45|23.2|383.7|0.0|26.7|53.3
== 5. 미판정 잔량 추이 (날짜 끝 기준 · 판정 없음 · 판단 유보 누적)
2026-09-04|0|0|0
2026-09-05|0|0|0
2026-09-06|0|0|0
2026-09-07|32|32|0
2026-09-08|61|29|0
2026-09-09|139|107|0
2026-09-10|143|111|0
2026-09-11|143|111|0
2026-09-12|145|113|0
2026-09-13|147|115|0
2026-09-14|157|125|0
2026-09-15|160|128|0
2026-09-16|168|136|0
2026-09-17|171|139|0
2026-09-18|175|143|0
2026-09-19|185|153|0
2026-09-20|273|241|0
2026-09-21|384|349|0
2026-09-22|436|401|0
2026-09-23|543|506|0
2026-09-24|1021|137|778
2026-09-25|1027|139|778
2026-09-26|1027|139|778
2026-09-27|1028|140|778
2026-09-28|1028|9|778
== 6. 판단 유보(undetermined) 최신 판정 · 규칙 버전별
v1|R001|9
v1|R002|296
v1|R003|210
v1|R004|4
v1|R005|4
v2|R002|70
v2|R003|185
== 7. rule_quality 현재
R001|v1|19|19|0|10|0|0.0|100.0|0|9|10
R001|v2|8|8|8|0|0|0.0|0.0|0|0|8
R002|v1|307|307|11|0|0|0.0|0.0|0|296|11
R002|v2|90|90|20|0|0|0.0|0.0|0|70|20
R002|v3|102|102|102|0|0|0.0|0.0|0|0|102
R003|v1|218|218|6|0|2|25.0|25.0|0|210|8
R003|v2|209|209|10|14|0|0.0|58.3|0|185|24
R003|v3|18|18|18|0|0|0.0|0.0|0|0|18
R004|v1|5|5|1|0|0|0.0|0.0|0|4|1
R004|v2|5|5|5|0|0|0.0|0.0|0|0|5
R004|v3|6|6|6|0|0|0.0|0.0|0|0|6
R005|v1|6|6|0|2|0|0.0|100.0|0|4|2
R005|v2|9|9|0|9|0|0.0|100.0|0|0|9
R005|v3|7|0|0|0|0|||0|0|0
R006|v3|5|5|5|0|0|0.0|0.0|0|0|5
R102|w1|2|2|0|1|1|50.0|100.0|0|0|2
R102|w2|2|1|0|1|0|0.0|100.0|0|0|1
R105|c1|3|2|0|2|0|0.0|100.0|0|0|2
R202|s1|4|4|0|0|1|25.0|100.0|3|0|4
R301|i1|2|2|0|0|1|50.0|100.0|1|0|2
R301|i2|1|1|0|0|0|0.0|100.0|1|0|1
== 8. 판정 목표 시간 관련 표 · 열
cti_kev|due_date
incidents|target
pg_attribute|attstattarget
pg_cast|casttarget
pg_statistic_ext|stxstattarget
== 9. 새 차단 집행 상태
11|11|04:21:29|관문 반영 · dfb60db6 · 2026-09-28T04:21:29Z
