2026-10-02T18:03:02Z web-02 등록 토큰 발급 완료 (값 비공개)

PLAY [web-01 수집 구성] ********************************************************

TASK [등록 표식 확인] **********************************************************
ok: [web02]

TASK [처음 등록이면 등록 토큰이 있어야 한다] ***********************************
skipping: [web02]

TASK [위임 명령에 쓸 값 확인 (주소 · 노드 이름)] *******************************
ok: [web02]

TASK [방화벽에 구성 창 집합이 있는지 (없으면 nftables.conf 새 판을 먼저 적용한다)] ***
ok: [web02 -> fw(192.168.70.254)]

TASK [남은 구성 창 원소 지우기] ************************************************
ok: [web02 -> fw(192.168.70.254)]

TASK [구성 창 열기 (방화벽 · 30분 뒤 저절로 닫힘)] *****************************
ok: [web02 -> fw(192.168.70.254)]

TASK [패키지 저장소 HTTPS (방화벽은 인터넷 80 을 열지 않는다)] *****************
ok: [web02]

TASK [켜져 있는 단위 목록] *****************************************************
ok: [web02]

TASK [불필요 서비스 끄기] ******************************************************
changed: [web02] => (item=snapd.socket)
changed: [web02] => (item=snapd.service)
changed: [web02] => (item=snapd.seeded.service)
changed: [web02] => (item=multipathd.socket)
changed: [web02] => (item=multipathd.service)
changed: [web02] => (item=unattended-upgrades.service)
changed: [web02] => (item=apt-daily.timer)
changed: [web02] => (item=apt-daily-upgrade.timer)

TASK [nginx 설치] **************************************************************
changed: [web02]

TASK [nginx 기본 사이트 끄기 (opsloop.conf 가 default_server 를 맡는다)] *******
changed: [web02]

TASK [nginx JSON 접근 기록 · 탐침 경로] ****************************************
changed: [web02]

TASK [nginx 접근 기록 회전 (14일)] *********************************************
changed: [web02]

TASK [nginx 켜기] **************************************************************
ok: [web02]

TASK [rsyslog 반복 축약 끄기] **************************************************
changed: [web02]

TASK [지표 사용자] *************************************************************
changed: [web02]

TASK [지표 폴더] ***************************************************************
changed: [web02] => (item={'path': '/usr/local/lib/opsloop', 'owner': 'root', 'group': 'root', 'mode': '0755'})
changed: [web02] => (item={'path': '/var/lib/opsloop', 'owner': 'opsloop-metrics', 'group': 'opsloop-metrics', 'mode': '0750'})
changed: [web02] => (item={'path': '/var/log/opsloop', 'owner': 'opsloop-metrics', 'group': 'adm', 'mode': '02750'})

TASK [지표 스크립트] ***********************************************************
changed: [web02]

TASK [지표 단위] ***************************************************************
changed: [web02] => (item=opsloop-metrics.service)
changed: [web02] => (item=opsloop-metrics.timer)

TASK [지표 회전 (14일)] ********************************************************
changed: [web02]

TASK [지표 타이머 켜기] ********************************************************
changed: [web02]

TASK [저장소 키 폴더] **********************************************************
ok: [web02]

TASK [Grafana 저장소 키 (파일 sha256 고정)] ************************************
[WARNING]: Module remote_tmp /root/.ansible/tmp did not exist and was created with a mode of 0700, this may cause issues when running as another user. To avoid this, create the remote_tmp dir with the correct permissions manually
changed: [web02]

TASK [Grafana 저장소] **********************************************************
changed: [web02]

TASK [설치된 Alloy 판] *********************************************************
ok: [web02]

TASK [Alloy 설치 (판 고정)] ****************************************************
changed: [web02]

TASK [Alloy 판 묶기 (apt upgrade 로 바뀌지 않게)] ******************************
changed: [web02]

TASK [구성 창 닫기 (패키지 설치 끝)] *******************************************
ok: [web02 -> fw(192.168.70.254)]

TASK [Alloy 설정 폴더 (alloy 는 읽기만. 패키지 기본값 770 을 좁힌다)] **********
changed: [web02]

TASK [Alloy 설정] **************************************************************
changed: [web02]

TASK [Alloy 실행 인자 (사용 통계 끔 · 화면은 루프백만)] ************************
changed: [web02]

TASK [Alloy 드롭인 폴더] *******************************************************
changed: [web02]

TASK [Alloy 드롭인 (메모리 256M · 읽기 전용)] **********************************
changed: [web02]

TASK [바뀐 설정 적용] **********************************************************

RUNNING HANDLER [nginx 설정 검사] **********************************************
ok: [web02]

RUNNING HANDLER [nginx 설정 적용] **********************************************
changed: [web02]

RUNNING HANDLER [rsyslog 설정 검사] ********************************************
ok: [web02]

RUNNING HANDLER [rsyslog 재시작] ***********************************************
changed: [web02]

RUNNING HANDLER [지표 타이머 재시작] *******************************************
changed: [web02]

TASK [키 · 등록 도구] **********************************************************
changed: [web02] => (item=opsloop-agent-key)
changed: [web02] => (item=opsloop-enroll)

TASK [에이전트 키 (없을 때만 만든다 · sha256 만 나온다)] ***********************
changed: [web02]

TASK [에이전트 키 권한 (root:alloy 0640)] **************************************
ok: [web02]

TASK [자기 등록] ***************************************************************
changed: [web02]

TASK [자기 등록 결과] **********************************************************
ok: [web02] => 
    msg:
    - 등록했다 (노드 web-02 · 지문 c09a3966)

TASK [자기 등록 실패] **********************************************************
skipping: [web02]

TASK [Alloy 켜기 (등록이 끝난 뒤에만)] *****************************************
changed: [web02]

TASK [Alloy 다시 시작 (설정 · 키가 바뀜)] **************************************
skipping: [web02]

TASK [탐침 번호] ***************************************************************
ok: [web02]

TASK [탐침 nginx (204 한 줄 · 127.0.0.1 은 fixture)] ***************************
ok: [web02]

TASK [SSH 연결 끊기 (다음 작업이 새 로그인 줄을 남긴다)] ***********************

TASK [탐침 SSH 로그인 (Accepted publickey 한 줄)] ******************************
ok: [web02]

TASK [탐침 없는 사용자 (Invalid user 한 줄)] ***********************************
ok: [web02]

TASK [첫 수신 확인 (데이터 노드 · 최대 10분)] **********************************
ok: [web02 -> data01(192.168.60.11)]

TASK [첫 수신 확인 결과] *******************************************************
ok: [web02] => 
    msg:
    - 1 등록     통과  키 c09a3966 · 192.168.50.22 에서 2026-10-02 18:04:55Z 등록
    - 2 첫 로그   통과  nginx 2026-10-02T18:04:56.519097+00:00 · auth 2026-10-02T18:04:56.269142+00:00
        · metrics 2026-10-02T18:04:56.268250+00:00
    - 3 형식 변환  통과  nonce 요청 1 · SSH 로그인 1 · 지표 2행 · foreign_host auth=308
    - 4 규칙 적용  통과  c1:R105, c1:R106, sg1:R107, w2:R101, w2:R102
    - '[   0초] 1 통과 · 2 실패 · 3 대기 · 4 대기 — 2단계: 아직 줄이 없는 로그: nginx, auth, metrics'
    - '[  50초] 1 통과 · 2 통과 · 3 통과 · 4 통과'

TASK [첫 수신 확인 실패] *******************************************************
skipping: [web02]

TASK [구성 창 닫기] ************************************************************
ok: [web02 -> fw(192.168.70.254)]

PLAY RECAP *********************************************************************
web02                      : ok=50   changed=28   unreachable=0    failed=0    skipped=4    rescued=0    ignored=0   

2026-10-02T18:05:48Z web-02 구성 완료
