
> console@0.0.0 build
> tsc -b && vite build

vite v8.3.0 building client environment for production...
transforming...
✓ 243 modules transformed.
rendering chunks...
computing gzip size...
../app/static/assets/favicon-CPAYERcy.svg              0.35 kB │ gzip:   0.25 kB
../app/static/index.html                               1.53 kB │ gzip:   0.62 kB
../app/static/assets/style-D82NsOiQ.css               50.30 kB │ gzip:  10.15 kB
../app/static/assets/Select-BHwFy2uh.js                0.23 kB │ gzip:   0.19 kB
../app/static/assets/interval-Bj3hulVJ.js              0.32 kB │ gzip:   0.27 kB
../app/static/assets/Label-CbqxhMIm.js                 0.40 kB │ gzip:   0.27 kB
../app/static/assets/Input-BB8lQfKQ.js                 0.63 kB │ gzip:   0.39 kB
../app/static/assets/Card-BwgLsKr1.js                  0.68 kB │ gzip:   0.41 kB
../app/static/assets/Switch-CD9ArrQ0.js                1.03 kB │ gzip:   0.53 kB
../app/static/assets/device-format-VdX4JVCU.js         1.32 kB │ gzip:   0.70 kB
../app/static/assets/notify-CAulNQpw.js                1.46 kB │ gzip:   0.84 kB
../app/static/assets/UntrustedText-D0NEo9dc.js         1.53 kB │ gzip:   0.90 kB
../app/static/assets/cti-format-BnWqy7jj.js            1.97 kB │ gzip:   1.10 kB
../app/static/assets/AuditPage-lqa0D4h3.js             5.87 kB │ gzip:   2.35 kB
../app/static/assets/SourceBlock-BozhN-88.js           6.58 kB │ gzip:   2.70 kB
../app/static/assets/NodesPage-D3pH6z-S.js             6.75 kB │ gzip:   3.00 kB
../app/static/assets/incidents-BEC6eJZ_.js             7.61 kB │ gzip:   2.53 kB
../app/static/assets/NodeEnrollmentPage-7-TsuTGD.js    8.59 kB │ gzip:   3.50 kB
../app/static/assets/VerdictBadge-CNOaDKOg.js          8.85 kB │ gzip:   3.65 kB
../app/static/assets/RulesPage-CBU12Q2-.js            10.91 kB │ gzip:   3.64 kB
../app/static/assets/SourceDetailPage-COW5_wKq.js     11.88 kB │ gzip:   3.43 kB
../app/static/assets/log-format-C2Q6YbKF.js           14.91 kB │ gzip:   5.70 kB
../app/static/assets/DeviceLogsPage-BXKTvvGl.js       15.43 kB │ gzip:   5.16 kB
../app/static/assets/SourcesPage-DfobmG0l.js          16.04 kB │ gzip:   5.60 kB
../app/static/assets/AccountsPage-B0Dv_6ep.js         16.71 kB │ gzip:   5.75 kB
../app/static/assets/ReportsPage-n938-WbE.js          24.13 kB │ gzip:   7.41 kB
../app/static/assets/AlertsPage-B31Iktxr.js           25.47 kB │ gzip:   8.68 kB
../app/static/assets/AssetsPage-DQiIXLBl.js           26.75 kB │ gzip:   6.84 kB
../app/static/assets/PageHeader-EmjNmlCv.js           87.83 kB │ gzip:  29.96 kB
../app/static/assets/Badge-XWDl1f2J.js                93.00 kB │ gzip:  30.93 kB
../app/static/assets/index-CE9cNIj6.js               390.12 kB │ gzip: 116.23 kB

✓ built in 330ms
