vite v8.3.0 building client environment for production...
transforming...
✓ 241 modules transformed.
rendering chunks...
computing gzip size...
../../../../tmp/opsloop-review-20261002/build/assets/favicon-CPAYERcy.svg              0.35 kB │ gzip:   0.25 kB
../../../../tmp/opsloop-review-20261002/build/index.html                               1.45 kB │ gzip:   0.61 kB
../../../../tmp/opsloop-review-20261002/build/assets/style-Boe36MqN.css               49.96 kB │ gzip:  10.07 kB
../../../../tmp/opsloop-review-20261002/build/assets/Select-DgTDuoto.js                0.23 kB │ gzip:   0.20 kB
../../../../tmp/opsloop-review-20261002/build/assets/Badge-BevLxOXN.js                 0.29 kB │ gzip:   0.24 kB
../../../../tmp/opsloop-review-20261002/build/assets/interval-Bj3hulVJ.js              0.32 kB │ gzip:   0.27 kB
../../../../tmp/opsloop-review-20261002/build/assets/Label-CtJTNCOm.js                 0.40 kB │ gzip:   0.27 kB
../../../../tmp/opsloop-review-20261002/build/assets/Input-PLZpoSRT.js                 0.63 kB │ gzip:   0.39 kB
../../../../tmp/opsloop-review-20261002/build/assets/Card-CrWz6YJt.js                  0.68 kB │ gzip:   0.41 kB
../../../../tmp/opsloop-review-20261002/build/assets/Switch-Bq2ZfMtL.js                1.03 kB │ gzip:   0.53 kB
../../../../tmp/opsloop-review-20261002/build/assets/notify-DX-QO4OM.js                1.46 kB │ gzip:   0.84 kB
../../../../tmp/opsloop-review-20261002/build/assets/UntrustedText-0_1Zpps8.js         1.53 kB │ gzip:   0.90 kB
../../../../tmp/opsloop-review-20261002/build/assets/AuditPage-Cnl7O3Cn.js             5.88 kB │ gzip:   2.35 kB
../../../../tmp/opsloop-review-20261002/build/assets/SourceBlock-BhfsB0QD.js           6.58 kB │ gzip:   2.70 kB
../../../../tmp/opsloop-review-20261002/build/assets/NodesPage-6W1SYFXP.js             6.75 kB │ gzip:   3.00 kB
../../../../tmp/opsloop-review-20261002/build/assets/incidents-DfAKVYCh.js             7.59 kB │ gzip:   2.52 kB
../../../../tmp/opsloop-review-20261002/build/assets/NodeEnrollmentPage-CkGzJ9pN.js    8.30 kB │ gzip:   3.37 kB
../../../../tmp/opsloop-review-20261002/build/assets/VerdictBadge-B0JbfFpD.js          8.33 kB │ gzip:   3.42 kB
../../../../tmp/opsloop-review-20261002/build/assets/RulesPage-QtEqut2O.js            10.90 kB │ gzip:   3.64 kB
../../../../tmp/opsloop-review-20261002/build/assets/SourceDetailPage-CRTEnmbP.js     11.78 kB │ gzip:   3.39 kB
../../../../tmp/opsloop-review-20261002/build/assets/DeviceLogsPage-CpDVLRFq.js       15.23 kB │ gzip:   5.09 kB
../../../../tmp/opsloop-review-20261002/build/assets/SourcesPage-Oilmmurw.js          15.94 kB │ gzip:   5.56 kB
../../../../tmp/opsloop-review-20261002/build/assets/log-format-Ia4qW8nl.js           16.00 kB │ gzip:   6.12 kB
../../../../tmp/opsloop-review-20261002/build/assets/AccountsPage-B5Z_GG30.js         16.64 kB │ gzip:   5.74 kB
../../../../tmp/opsloop-review-20261002/build/assets/ReportsPage-Df6hpivH.js          23.90 kB │ gzip:   7.33 kB
../../../../tmp/opsloop-review-20261002/build/assets/AlertsPage-xEwwxTrV.js           24.27 kB │ gzip:   8.38 kB
../../../../tmp/opsloop-review-20261002/build/assets/AssetsPage-b7f9k_kr.js           26.38 kB │ gzip:   6.76 kB
../../../../tmp/opsloop-review-20261002/build/assets/PageHeader-DApZH0Ha.js           87.81 kB │ gzip:  29.98 kB
../../../../tmp/opsloop-review-20261002/build/assets/chunk-OB3PAWPO-fVjhgcJS.js       92.73 kB │ gzip:  30.76 kB
../../../../tmp/opsloop-review-20261002/build/assets/index-C7WasDHl.js               388.18 kB │ gzip: 115.68 kB

✓ built in 735ms
