
> console@0.0.0 build
> tsc -b && vite build

vite v8.3.0 building client environment for production...
transforming...
✓ 244 modules transformed.
rendering chunks...
computing gzip size...
../app/static/assets/favicon-CPAYERcy.svg              0.35 kB │ gzip:   0.25 kB
../app/static/index.html                               1.53 kB │ gzip:   0.61 kB
../app/static/assets/style-C_1Ofxdo.css               50.68 kB │ gzip:  10.20 kB
../app/static/assets/Select-C110pBJG.js                0.23 kB │ gzip:   0.20 kB
../app/static/assets/interval-Bj3hulVJ.js              0.32 kB │ gzip:   0.27 kB
../app/static/assets/Label-BK-vGKIy.js                 0.40 kB │ gzip:   0.27 kB
../app/static/assets/Input-DKSnTMVa.js                 0.63 kB │ gzip:   0.39 kB
../app/static/assets/Card-hU12tyxW.js                  0.68 kB │ gzip:   0.41 kB
../app/static/assets/Switch-goR115Jm.js                1.03 kB │ gzip:   0.53 kB
../app/static/assets/device-format-CvXKXxB3.js         1.32 kB │ gzip:   0.70 kB
../app/static/assets/notify-Dt9treWj.js                1.46 kB │ gzip:   0.84 kB
../app/static/assets/UntrustedText-DipzJdBb.js         1.53 kB │ gzip:   0.90 kB
../app/static/assets/cti-format-C85Sp3wk.js            1.97 kB │ gzip:   1.10 kB
../app/static/assets/AuditPage-Dg55CBtD.js             5.87 kB │ gzip:   2.36 kB
../app/static/assets/SourceBlock-U_ZH7wz_.js           6.58 kB │ gzip:   2.70 kB
../app/static/assets/NodesPage-DsfoBDQ9.js             6.75 kB │ gzip:   2.99 kB
../app/static/assets/incidents-C6bkh6Gd.js             8.20 kB │ gzip:   2.70 kB
../app/static/assets/NodeEnrollmentPage-BqgMJxlD.js    8.59 kB │ gzip:   3.50 kB
../app/static/assets/VerdictBadge-0AU4Osh-.js          8.85 kB │ gzip:   3.65 kB
../app/static/assets/RulesPage-Dl17yBQA.js            10.91 kB │ gzip:   3.64 kB
../app/static/assets/SourceDetailPage-FlFAJ1Oj.js     11.88 kB │ gzip:   3.43 kB
../app/static/assets/log-format-a-cCO0mv.js           14.91 kB │ gzip:   5.70 kB
../app/static/assets/DeviceLogsPage-BeHf6W1S.js       15.43 kB │ gzip:   5.16 kB
../app/static/assets/SourcesPage-DeeGCpn1.js          16.04 kB │ gzip:   5.60 kB
../app/static/assets/AccountsPage-0w24QyCA.js         16.71 kB │ gzip:   5.75 kB
../app/static/assets/ReportsPage-C6oO6DPS.js          24.13 kB │ gzip:   7.41 kB
../app/static/assets/AlertsPage-BuEDuBf0.js           25.47 kB │ gzip:   8.68 kB
../app/static/assets/AssetsPage-B5xnASUP.js           26.75 kB │ gzip:   6.83 kB
../app/static/assets/PageHeader-B9fHE8cq.js           87.86 kB │ gzip:  29.98 kB
../app/static/assets/Badge-C_NzedBy.js                93.00 kB │ gzip:  30.93 kB
../app/static/assets/index-C0MiLVH0.js               395.47 kB │ gzip: 117.62 kB

✓ built in 215ms
